Turbo Assembler	 Version 4.1	    05/05/25 14:38:57	    Page 1
lab_2.asm



      1	0000			     .model small
      2	0000			     .stack 100h
      3
      4	0000			     .data
      5					 ; Тестовые данные
      6	0000  00			 test_empty    db 0		    ; Пустая строка
      7	0001  05			 len_empty     db 5
      8
      9	0002  03 61 62 63		 test_no_spc  db 3, 'abc'	   ; Строка без пробелов
     10	0006  05			 len_no_spc   db 5
     11
     12	0007  05 61 20 62 20 63		 test_with_spc db 5, 'a	b c'	   ; Строка с пробелами
     13	000D  08			 len_with_spc  db 8
     14
     15	000E  FF*(??)			 result	      db 255 dup(?)	   ; Буфер	для результата
     16
     17	010D			     .code
     18				     extrn InsBlanks:proc
     19
     20	0000			     main proc
     21	0000  B8 0000s			 mov ax, @data
     22	0003  8E D8			 mov ds, ax
     23	0005  8E C0			 mov es, ax
     24
     25					 ; Тест 1: Пустая строка
     26	0007  BE 0000r			 mov si, offset	test_empty
     27	000A  A0 0001r			 mov al, len_empty
     28	000D  BF 000Er			 mov di, offset	result
     29	0010  E8 0000e			 call InsBlanks
     30
     31					 ; Тест 2: Строка без пробелов
     32	0013  BE 0002r			 mov si, offset	test_no_spc
     33	0016  A0 0006r			 mov al, len_no_spc
     34	0019  BF 000Er			 mov di, offset	result
     35	001C  E8 0000e			 call InsBlanks
     36
     37					 ; Тест 3: Строка с пробелами
     38	001F  BE 0007r			 mov si, offset	test_with_spc
     39	0022  A0 000Dr			 mov al, len_with_spc
     40	0025  BF 000Er			 mov di, offset	result
     41	0028  E8 0000e			 call InsBlanks
     42
     43					 ; Завершение	программы
     44	002B  B8 4C00			 mov ax, 4C00h
     45	002E  CD 21			 int 21h
     46	0030			     main endp
     47
     48				     end main
Turbo Assembler	 Version 4.1	    05/05/25 14:38:57	    Page 2
Symbol Table




Symbol Name			  Type	 Value

??DATE				  Text	 "05/05/25"
??FILENAME			  Text	 "lab_2	  "
??TIME				  Text	 "14:38:57"
??VERSION			  Number 040A
@32BIT				  Text	 0
@CODE				  Text	 _TEXT
@CODESIZE			  Text	 0
@CPU				  Text	 0101H
@CURSEG				  Text	 _TEXT
@DATA				  Text	 DGROUP
@DATASIZE			  Text	 0
@FILENAME			  Text	 LAB_2
@INTERFACE			  Text	 000H
@MODEL				  Text	 2
@STACK				  Text	 DGROUP
@WORDSIZE			  Text	 2
INSBLANKS			  Near	 _TEXT:---- Extern
LEN_EMPTY			  Byte	 DGROUP:0001
LEN_NO_SPC			  Byte	 DGROUP:0006
LEN_WITH_SPC			  Byte	 DGROUP:000D
MAIN				  Near	 _TEXT:0000
RESULT				  Byte	 DGROUP:000E
TEST_EMPTY			  Byte	 DGROUP:0000
TEST_NO_SPC			  Byte	 DGROUP:0002
TEST_WITH_SPC			  Byte	 DGROUP:0007

Groups & Segments		  Bit Size Align  Combine Class

DGROUP				  Group
  STACK				  16  0100 Para	  Stack	  STACK
  _DATA				  16  010D Word	  Public  DATA
_TEXT				  16  0030 Word	  Public  CODE
